    Starting Performing "debug" build using C:\Program Files\LDC 1.42\bin\ldc2.exe for x86_64.
  Up-to-date taggedalgebraic 0.11.24: target for configuration [library] is up to date.
  Up-to-date sdlang-d 0.10.6: target for configuration [library] is up to date.
    Building evolution-engine 1.2.9+commit.1.gbee7794: building configuration [application]
     Linking evolution-engine
    Finished To force a rebuild of up-to-date targets, run again with --force
